C:\Users\noela\Documents\OpenCleaner\tests\OpenCleaner.Core.Tests\tests\OpenCleaner.Core.Tests\Security\FileGuardianTests.cs(7,24): error CS0234: The type or namespace name 'Models' does not exist in the namespace 'OpenCleaner.Core' (are you missing an assembly reference?) [C:\Users\noela\Documents\OpenCleaner\tests\OpenCleaner.Core.Tests\OpenCleaner.Core.Tests.csproj]
C:\Users\noela\Documents\OpenCleaner\tests\OpenCleaner.Core.Tests\tests\OpenCleaner.Core.Tests\Security\FileGuardianTests.cs(11,27): error CS0246: The type or namespace name 'IBackupManager' could not be found (are you missing a using directive or an assembly reference?) [C:\Users\noela\Documents\OpenCleaner\tests\OpenCleaner.Core.Tests\OpenCleaner.Core.Tests.csproj]
C:\Users\noela\Documents\OpenCleaner\src\OpenCleaner.Plugins.System\Plugins\DuplicateFinderPlugin.cs(74,34): error CS0103: The name 'HashHelper' does not exist in the current context [C:\Users\noela\Documents\OpenCleaner\src\OpenCleaner.Plugins.System\OpenCleaner.Plugins.System.csproj]

Build FAILED.
    0 Warning(s)
    3 Error(s)

Time Elapsed 00:00:00.90
